RuntimeError: unreachable
    at wasm-function[0]:1
    at *%(basename)s:18:27
    at test/mjsunit/mjsunit.js:*
