RuntimeError: unreachable
    at test-module.main (wasm-function[0]:1)
    at test/message/wasm-module-and-function-name-async.js:17:27
    at test/mjsunit/mjsunit.js:*
