RuntimeError: unreachable
    at test-module.main (wasm-function[0]:1)
    at *%(basename)s:17:27
    at test/mjsunit/mjsunit.js:*
