RuntimeError: unreachable
    at wasm-function[0]:1
    at test/message/wasm-no-name-async.js:18:27
    at test/mjsunit/mjsunit.js:*
