RuntimeError: unreachable
    at main (wasm-function[0]:1)
    at test/message/wasm-function-name-async.js:16:27
    at test/mjsunit/mjsunit.js:*
