RuntimeError: unreachable
    at main (wasm-function[0]:1)
    at *%(basename)s:16:27
    at test/mjsunit/mjsunit.js:*
