RuntimeError: unreachable
    at test-module (wasm-function[0]:1)
    at test/message/wasm-module-name-async.js:19:27
    at test/mjsunit/mjsunit.js:*
